Testing AI generation with 'gemini-2.0-flash'...
node : 
At line:1 char:1
+ node test_ai.js > 
test_log.txt 2>&1; 
Get-Content test_log.txt
+ ~~~~~~~~~~~~~~~~~~~~~~~~
~~~~~~~~~~~
    + CategoryInfo        
      : NotSpecified: (:  
  String) [], RemoteExc   
 eption
    + FullyQualifiedError 
   Id : NativeCommandErr  
  or
 
--- FAILURE! ---
Error Detail: 
[GoogleGenerativeAI 
Error]: Error fetching 
from https://generativelan
guage.googleapis.com/v1/mo
dels/gemini-2.0-flash:gene
rateContent: [429 Too 
Many Requests] You 
exceeded your current 
quota, please check your 
plan and billing details. 
For more information on 
this error, head to: https
://ai.google.dev/gemini-ap
i/docs/rate-limits. To 
monitor your current 
usage, head to: https://ai
.dev/rate-limit. 
* Quota exceeded for 
metric: generativelanguage
.googleapis.com/generate_c
ontent_free_tier_input_tok
en_count, limit: 0, 
model: gemini-2.0-flash
* Quota exceeded for 
metric: generativelanguage
.googleapis.com/generate_c
ontent_free_tier_requests,
 limit: 0, model: 
gemini-2.0-flash
* Quota exceeded for 
metric: generativelanguage
.googleapis.com/generate_c
ontent_free_tier_requests,
 limit: 0, model: 
gemini-2.0-flash
Please retry in 
6.658229969s. [{"@type":"t
ype.googleapis.com/google.
rpc.Help","links":[{"descr
iption":"Learn more about 
Gemini API quotas","url":"
https://ai.google.dev/gemi
ni-api/docs/rate-limits"}]
},{"@type":"type.googleapi
s.com/google.rpc.QuotaFail
ure","violations":[{"quota
Metric":"generativelanguag
e.googleapis.com/generate_
content_free_tier_input_to
ken_count","quotaId":"Gene
rateContentInputTokensPerM
odelPerMinute-FreeTier","q
uotaDimensions":{"model":"
gemini-2.0-flash","locatio
n":"global"}},{"quotaMetri
c":"generativelanguage.goo
gleapis.com/generate_conte
nt_free_tier_requests","qu
otaId":"GenerateRequestsPe
rMinutePerProjectPerModel-
FreeTier","quotaDimensions
":{"model":"gemini-2.0-fla
sh","location":"global"}},
{"quotaMetric":"generative
language.googleapis.com/ge
nerate_content_free_tier_r
equests","quotaId":"Genera
teRequestsPerDayPerProject
PerModel-FreeTier","quotaD
imensions":{"location":"gl
obal","model":"gemini-2.0-
flash"}}]},{"@type":"type.
googleapis.com/google.rpc.
RetryInfo","retryDelay":"6
s"}]
----------------

